[    0.000000] Linux version 4.15.0-212-generic (buildd@lcy02-amd64-083) (gcc version 7.5.0 (Ubuntu 7.5.0-3ubuntu1~18.04)) #223-Ubuntu SMP Tue May 23 13:09:22 UTC 2023 (Ubuntu 4.15.0-212.223-generic 4.15.18)
[    0.000000] Command line: BOOT_IMAGE=/boot/vmlinuz-4.15.0-212-generic root=LABEL=cloudimg-rootfs ro console=tty1 console=ttyS0
[    0.000000] KERNEL supported cpus:
[    0.000000]   Intel GenuineIntel
[    0.000000]   AMD AuthenticAMD
[    0.000000]   Centaur CentaurHauls
[    0.000000] [Firmware Bug]: TSC doesn't count with P0 frequency!
[    0.000000] x86/fpu: x87 FPU will use FXSAVE
[    0.000000] e820: BIOS-provided physical RAM map:
[    0.000000] BIOS-e820: [mem 0x0000000000000000-0x000000000009fbff] usable
[    0.000000] BIOS-e820: [mem 0x000000000009fc00-0x000000000009ffff] reserved
[    0.000000] BIOS-e820: [mem 0x00000000000f0000-0x00000000000fffff] reserved
[    0.000000] BIOS-e820: [mem 0x0000000000100000-0x000000001ffeffff] usable
[    0.000000] BIOS-e820: [mem 0x000000001fff0000-0x000000001fffffff] ACPI data
[    0.000000] BIOS-e820: [mem 0x00000000fec00000-0x00000000fec00fff] reserved
[    0.000000] BIOS-e820: [mem 0x00000000fee00000-0x00000000fee00fff] reserved
[    0.000000] BIOS-e820: [mem 0x00000000fffc0000-0x00000000ffffffff] reserved
[    0.000000] NX (Execute Disable) protection: active
[    0.000000] SMBIOS 2.5 present.
[    0.000000] DMI: innotek GmbH VirtualBox/VirtualBox, BIOS VirtualBox 12/01/2006
[    0.000000] Hypervisor detected: KVM
[    0.000000] e820: last_pfn = 0x1fff0 max_arch_pfn = 0x400000000
[    0.000000] MTRR: Disabled
[    0.000000] x86/PAT: MTRRs disabled, skipping PAT initialization too.
[    0.000000] CPU MTRRs all blank - virtualized system.
[    0.000000] x86/PAT: Configuration [0-7]: WB  WT  UC- UC  WB  WT  UC- UC  
[    0.000000] found SMP MP-table at [mem 0x0009fff0-0x0009ffff]
[    0.000000] Scanning 1 areas for low memory corruption
[    0.000000] RAMDISK: [mem 0x1db01000-0x1ee12fff]
[    0.000000] ACPI: Early table checksum verification disabled
[    0.000000] ACPI: RSDP 0x00000000000E0000 000024 (v02 VBOX  )
[    0.000000] ACPI: XSDT 0x000000001FFF0030 00003C (v01 VBOX   VBOXXSDT 00000001 ASL  00000061)
[    0.000000] ACPI: FACP 0x000000001FFF00F0 0000F4 (v04 VBOX   VBOXFACP 00000001 ASL  00000061)
[    0.000000] ACPI: DSDT 0x000000001FFF0610 002353 (v02 VBOX   VBOXBIOS 00000002 INTL 20100528)
[    0.000000] ACPI: FACS 0x000000001FFF0200 000040
[    0.000000] ACPI: FACS 0x000000001FFF0200 000040
[    0.000000] ACPI: APIC 0x000000001FFF0240 000054 (v02 VBOX   VBOXAPIC 00000001 ASL  00000061)
[    0.000000] ACPI: SSDT 0x000000001FFF02A0 00036C (v01 VBOX   VBOXCPUT 00000002 INTL 20100528)
[    0.000000] ACPI: Reserving FACP table memory at [mem 0x1fff00f0-0x1fff01e3]
[    0.000000] ACPI: Reserving DSDT table memory at [mem 0x1fff0610-0x1fff2962]
[    0.000000] ACPI: Reserving FACS table memory at [mem 0x1fff0200-0x1fff023f]
[    0.000000] ACPI: Reserving FACS table memory at [mem 0x1fff0200-0x1fff023f]
[    0.000000] ACPI: Reserving APIC table memory at [mem 0x1fff0240-0x1fff0293]
[    0.000000] ACPI: Reserving SSDT table memory at [mem 0x1fff02a0-0x1fff060b]
[    0.000000] No NUMA configuration found
[    0.000000] Faking a node at [mem 0x0000000000000000-0x000000001ffeffff]
[    0.000000] NODE_DATA(0) allocated [mem 0x1ffc5000-0x1ffeffff]
[    0.000000] kvm-clock: cpu 0, msr 0:1ff44001, primary cpu clock
[    0.000000] kvm-clock: Using msrs 4b564d01 and 4b564d00
[    0.000000] kvm-clock: using sched offset of 3558071082 cycles
[    0.000000] clocksource: kvm-clock: mask: 0xffffffffffffffff max_cycles: 0x1cd42e4dffb, max_idle_ns: 881590591483 ns
[    0.000000] Zone ranges:
[    0.000000]   DMA      [mem 0x0000000000001000-0x0000000000ffffff]
[    0.000000]   DMA32    [mem 0x0000000001000000-0x000000001ffeffff]
[    0.000000]   Normal   empty
[    0.000000]   Device   empty
[    0.000000] Movable zone start for each node
[    0.000000] Early memory node ranges
[    0.000000]   node   0: [mem 0x0000000000001000-0x000000000009efff]
[    0.000000]   node   0: [mem 0x0000000000100000-0x000000001ffeffff]
[    0.000000] Reserved but unavailable: 104 pages
[    0.000000] Initmem setup node 0 [mem 0x0000000000001000-0x000000001ffeffff]
[    0.000000] ACPI: PM-Timer IO Port: 0x4008
[    0.000000] IOAPIC[0]: apic_id 1, version 32, address 0xfec00000, GSI 0-23
[    0.000000] ACPI: INT_SRC_OVR (bus 0 bus_irq 0 global_irq 2 dfl dfl)
[    0.000000] ACPI: INT_SRC_OVR (bus 0 bus_irq 9 global_irq 9 low level)
[    0.000000] Using ACPI (MADT) for SMP configuration information
[    0.000000] smpboot: Allowing 1 CPUs, 0 hotplug CPUs
[    0.000000] PM: Registered nosave memory: [mem 0x00000000-0x00000fff]
[    0.000000] PM: Registered nosave memory: [mem 0x0009f000-0x0009ffff]
[    0.000000] PM: Registered nosave memory: [mem 0x000a0000-0x000effff]
[    0.000000] PM: Registered nosave memory: [mem 0x000f0000-0x000fffff]
[    0.000000] e820: [mem 0x20000000-0xfebfffff] available for PCI devices
[    0.000000] Booting paravirtualized kernel on KVM
[    0.000000] clocksource: refined-jiffies: mask: 0xffffffff max_cycles: 0xffffffff, max_idle_ns: 7645519600211568 ns
[    0.000000] setup_percpu: NR_CPUS:8192 nr_cpumask_bits:1 nr_cpu_ids:1 nr_node_ids:1
[    0.000000] percpu: Embedded 50 pages/cpu s167936 r8192 d28672 u2097152
[    0.000000] PV qspinlock hash table entries: 256 (order: 0, 4096 bytes)
[    0.000000] Built 1 zonelists, mobility grouping on.  Total pages: 128889
[    0.000000] Policy zone: DMA32
[    0.000000] Kernel command line: BOOT_IMAGE=/boot/vmlinuz-4.15.0-212-generic root=LABEL=cloudimg-rootfs ro console=tty1 console=ttyS0
[    0.000000] Memory: 466748K/523832K available (12300K kernel code, 2477K rwdata, 4324K rodata, 2480K init, 2720K bss, 57084K reserved, 0K cma-reserved)
[    0.000000] SLUB: HWalign=64, Order=0-3, MinObjects=0, CPUs=1, Nodes=1
[    0.000000] ftrace: allocating 39508 entries in 155 pages
[    0.004000] Hierarchical RCU implementation.
[    0.004000] 	RCU restricting CPUs from NR_CPUS=8192 to nr_cpu_ids=1.
[    0.004000] 	Tasks RCU enabled.
[    0.004000] RCU: Adjusting geometry for rcu_fanout_leaf=16, nr_cpu_ids=1
[    0.004000] NR_IRQS: 524544, nr_irqs: 256, preallocated irqs: 16
[    0.004000] random: crng init done
[    0.004000] Console: colour VGA+ 80x25
[    0.004000] console [tty1] enabled
[    0.004000] console [ttyS0] enabled
[    0.004000] ACPI: Core revision 20170831
[    0.004000] ACPI: 2 ACPI AML tables successfully acquired and loaded
[    0.004000] APIC: Switch to symmetric I/O mode setup
[    0.008000] ..TIMER: vector=0x30 apic1=0 pin1=2 apic2=-1 pin2=-1
[    0.008004] tsc: Detected 3792.884 MHz processor
[    0.012008] Calibrating delay loop (skipped) preset value.. 7585.76 BogoMIPS (lpj=15171536)
[    0.016003] pid_max: default: 32768 minimum: 301
[    0.020024] Security Framework initialized
[    0.024003] Yama: becoming mindful.
[    0.027000] AppArmor: AppArmor initialized
[    0.028069] Dentry cache hash table entries: 65536 (order: 7, 524288 bytes)
[    0.032025] Inode-cache hash table entries: 32768 (order: 6, 262144 bytes)
[    0.036012] Mount-cache hash table entries: 1024 (order: 1, 8192 bytes)
[    0.040005] Mountpoint-cache hash table entries: 1024 (order: 1, 8192 bytes)
[    0.045396] CPU0: Hyper-Threading is disabled
[    0.048065] Last level iTLB entries: 4KB 1024, 2MB 1024, 4MB 512
[    0.052002] Last level dTLB entries: 4KB 2048, 2MB 2048, 4MB 1024, 1GB 0
[    0.056003] Spectre V1 : Mitigation: usercopy/swapgs barriers and __user pointer sanitization
[    0.060003] Spectre V2 : Mitigation: Retpolines
[    0.064002] Spectre V2 : Spectre v2 / SpectreRSB mitigation: Filling RSB on context switch
[    0.068002] Spectre V2 : Spectre v2 / SpectreRSB : Filling RSB on VMEXIT
[    0.072002] RETBleed: Vulnerable
[    0.076000] Freeing SMP alternatives memory: 36K
[    0.184394] smpboot: CPU0: AMD Ryzen 5 3600XT 6-Core Processor (family: 0x17, model: 0x71, stepping: 0x0)
[    0.188085] Performance Events: PMU not available due to virtualization, using software events only.
[    0.192052] Hierarchical SRCU implementation.
[    0.196436] NMI watchdog: Perf event create on CPU 0 failed with -2
[    0.200002] NMI watchdog: Perf NMI watchdog permanently disabled
[    0.204033] smp: Bringing up secondary CPUs ...
[    0.208003] smp: Brought up 1 node, 1 CPU
[    0.212003] smpboot: Max logical packages: 1
[    0.216003] smpboot: Total of 1 processors activated (7585.76 BogoMIPS)
[    0.220115] devtmpfs: initialized
[    0.224112] x86/mm: Memory block size: 128MB
[    0.228086] evm: security.selinux
[    0.232004] evm: security.SMACK64
[    0.234728] evm: security.SMACK64EXEC
[    0.236002] evm: security.SMACK64TRANSMUTE
[    0.240002] evm: security.SMACK64MMAP
[    0.244002] evm: security.apparmor
[    0.246808] evm: security.ima
[    0.248002] evm: security.capability
[    0.252082] clocksource: jiffies: mask: 0xffffffff max_cycles: 0xffffffff, max_idle_ns: 7645041785100000 ns
[    0.256008] futex hash table entries: 256 (order: 2, 16384 bytes)
[    0.260039] pinctrl core: initialized pinctrl subsystem
[    0.264380] RTC time:  2:09:02, date: 10/24/24
[    0.268115] NET: Registered protocol family 16
[    0.272054] audit: initializing netlink subsys (disabled)
[    0.276104] cpuidle: using governor ladder
[    0.280005] audit: type=2000 audit(1729735746.801:1): state=initialized audit_enabled=0 res=1
[    0.284005] cpuidle: using governor menu
[    0.290692] ACPI: bus type PCI registered
[    0.292003] acpiphp: ACPI Hot Plug PCI Controller Driver version: 0.5
[    0.300314] PCI: Using configuration type 1 for base access
[    0.304002] PCI: Using configuration type 1 for extended access
[    0.309007] HugeTLB registered 2.00 MiB page size, pre-allocated 0 pages
[    0.316134] ACPI: Added _OSI(Module Device)
[    0.319525] ACPI: Added _OSI(Processor Device)
[    0.320005] ACPI: Added _OSI(3.0 _SCP Extensions)
[    0.324002] ACPI: Added _OSI(Processor Aggregator Device)
[    0.328011] ACPI: Added _OSI(Linux-Dell-Video)
[    0.332003] ACPI: Added _OSI(Linux-Lenovo-NV-HDMI-Audio)
[    0.336003] ACPI: Added _OSI(Linux-HPI-Hybrid-Graphics)
[    0.344764] ACPI: Executed 1 blocks of module-level executable AML code
[    0.353195] ACPI: Interpreter enabled
[    0.356011] ACPI: (supports S0 S5)
[    0.358793] ACPI: Using IOAPIC for interrupt routing
[    0.360390] PCI: Using host bridge windows from ACPI; if necessary, use "pci=nocrs" and report a bug
[    0.364225] ACPI: Enabled 2 GPEs in block 00 to 07
[    0.380303] ACPI: PCI Root Bridge [PCI0] (domain 0000 [bus 00-ff])
[    0.384007] acpi PNP0A03:00: _OSC: OS supports [ExtendedConfig ASPM ClockPM Segments MSI]
[    0.393460] acpi PNP0A03:00: _OSC: platform does not support [PCIeCapability]
[    0.396742] acpi PNP0A03:00: _OSC: not requesting control; platform does not support [PCIeCapability]
[    0.400007] acpi PNP0A03:00: _OSC: OS requested [PCIeHotplug PME AER PCIeCapability]
[    0.404008] acpi PNP0A03:00: _OSC: platform willing to grant [PCIeHotplug PME AER]
[    0.408004] acpi PNP0A03:00: _OSC failed (AE_SUPPORT); disabling ASPM
[    0.412775] PCI host bridge to bus 0000:00
[    0.416004] pci_bus 0000:00: root bus resource [io  0x0000-0x0cf7 window]
[    0.420004] pci_bus 0000:00: root bus resource [io  0x0d00-0xffff window]
[    0.424003] pci_bus 0000:00: root bus resource [mem 0x000a0000-0x000bffff window]
[    0.428003] pci_bus 0000:00: root bus resource [mem 0x20000000-0xfdffffff window]
[    0.432004] pci_bus 0000:00: root bus resource [bus 00-ff]
[    0.444070] pci 0000:00:01.1: legacy IDE quirk: reg 0x10: [io  0x01f0-0x01f7]
[    0.448003] pci 0000:00:01.1: legacy IDE quirk: reg 0x14: [io  0x03f6]
[    0.452003] pci 0000:00:01.1: legacy IDE quirk: reg 0x18: [io  0x0170-0x0177]
[    0.456003] pci 0000:00:01.1: legacy IDE quirk: reg 0x1c: [io  0x0376]
[    0.479281] pci 0000:00:07.0: quirk: [io  0x4000-0x403f] claimed by PIIX4 ACPI
[    0.480035] pci 0000:00:07.0: quirk: [io  0x4100-0x410f] claimed by PIIX4 SMB
[    0.493364] ACPI: PCI Interrupt Link [LNKA] (IRQs 5 9 10 *11)
[    0.496541] ACPI: PCI Interrupt Link [LNKB] (IRQs 5 9 *10 11)
[    0.500219] ACPI: PCI Interrupt Link [LNKC] (IRQs 5 *9 10 11)
[    0.504214] ACPI: PCI Interrupt Link [LNKD] (IRQs 5 9 10 *11)
[    0.508356] SCSI subsystem initialized
[    0.512104] pci 0000:00:02.0: vgaarb: setting as boot VGA device
[    0.516000] pci 0000:00:02.0: vgaarb: VGA device added: decodes=io+mem,owns=io+mem,locks=none
[    0.516003] pci 0000:00:02.0: vgaarb: bridge control possible
[    0.520009] vgaarb: loaded
[    0.524048] ACPI: bus type USB registered
[    0.527332] usbcore: registered new interface driver usbfs
[    0.528011] usbcore: registered new interface driver hub
[    0.532012] usbcore: registered new device driver usb
[    0.536065] EDAC MC: Ver: 3.0.0
[    0.539400] PCI: Using ACPI for IRQ routing
[    0.540695] NetLabel: Initializing
[    0.544002] NetLabel:  domain hash size = 128
[    0.547575] NetLabel:  protocols = UNLABELED CIPSOv4 CALIPSO
[    0.548030] NetLabel:  unlabeled traffic allowed by default
[    0.552160] clocksource: Switched to clocksource kvm-clock
[    0.596495] VFS: Disk quotas dquot_6.6.0
[    0.600096] VFS: Dquot-cache hash table entries: 512 (order 0, 4096 bytes)
[    0.606264] AppArmor: AppArmor Filesystem Enabled
[    0.610233] pnp: PnP ACPI init
[    0.614584] pnp: PnP ACPI: found 3 devices
[    0.625825] clocksource: acpi_pm: mask: 0xffffff max_cycles: 0xffffff, max_idle_ns: 2085701024 ns
[    0.632980] NET: Registered protocol family 2
[    0.636866] IP idents hash table entries: 8192 (order: 4, 65536 bytes)
[    0.642410] TCP established hash table entries: 4096 (order: 3, 32768 bytes)
[    0.648264] TCP bind hash table entries: 4096 (order: 4, 65536 bytes)
[    0.653595] TCP: Hash tables configured (established 4096 bind 4096)
[    0.659676] UDP hash table entries: 256 (order: 1, 8192 bytes)
[    0.664472] UDP-Lite hash table entries: 256 (order: 1, 8192 bytes)
[    0.669682] NET: Registered protocol family 1
[    0.673319] pci 0000:00:00.0: Limiting direct PCI/PCI transfers
[    0.678180] pci 0000:00:01.0: Activating ISA DMA hang workarounds
[    0.683226] pci 0000:00:02.0: Video device with shadowed ROM at [mem 0x000c0000-0x000dffff]
[    0.690326] Unpacking initramfs...
[    1.132133] Freeing initrd memory: 19528K
[    1.142641] clocksource: tsc: mask: 0xffffffffffffffff max_cycles: 0x6d582d16081, max_idle_ns: 881590969139 ns
[    1.150849] platform rtc_cmos: registered platform RTC device (no PNP device found)
[    1.157360] Scanning for low memory corruption every 60 seconds
[    1.162959] Initialise system trusted keyrings
[    1.166715] Key type blacklist registered
[    1.170284] workingset: timestamp_bits=36 max_order=17 bucket_order=0
[    1.177784] zbud: loaded
[    1.181291] squashfs: version 4.0 (2009/01/31) Phillip Lougher
[    1.186323] fuse init (API version 7.26)
[    1.191873] Key type asymmetric registered
[    1.195374] Asymmetric key parser 'x509' registered
[    1.199473] Block layer SCSI generic (bsg) driver version 0.4 loaded (major 246)
[    1.205694] io scheduler noop registered
[    1.208991] io scheduler deadline registered
[    1.212652] io scheduler cfq registered (default)
[    1.217178] ACPI: AC Adapter [AC] (on-line)
[    1.220819] input: Power Button as /devices/LNXSYSTM:00/LNXPWRBN:00/input/input0
[    1.226749] ACPI: Power Button [PWRF]
[    1.230101] input: Sleep Button as /devices/LNXSYSTM:00/LNXSLPBN:00/input/input1
[    1.236189] ACPI: Sleep Button [SLPF]
[    1.239416] Serial: 8250/16550 driver, 32 ports, IRQ sharing enabled
[    1.273323] 00:02: ttyS0 at I/O 0x3f8 (irq = 4, base_baud = 115200) is a 16550A
[    1.282708] Linux agpgart interface v0.103
[    1.289113] loop: module loaded
[    1.293361] scsi host0: ata_piix
[    1.296207] scsi host1: ata_piix
[    1.298861] ata1: PATA max UDMA/33 cmd 0x1f0 ctl 0x3f6 bmdma 0xd000 irq 14
[    1.304320] ata2: PATA max UDMA/33 cmd 0x170 ctl 0x376 bmdma 0xd008 irq 15
[    1.311678] tun: Universal TUN/TAP device driver, 1.6
[    1.315856] PPP generic driver version 2.4.2
[    1.319434] ehci_hcd: USB 2.0 'Enhanced' Host Controller (EHCI) Driver
[    1.324662] ehci-pci: EHCI PCI platform driver
[    1.328420] ehci-platform: EHCI generic platform driver
[    1.332641] ohci_hcd: USB 1.1 'Open' Host Controller (OHCI) Driver
[    1.337574] ohci-pci: OHCI PCI platform driver
[    1.341246] ohci-platform: OHCI generic platform driver
[    1.345516] uhci_hcd: USB Universal Host Controller Interface driver
[    1.350750] i8042: PNP: PS/2 Controller [PNP0303:PS2K,PNP0f03:PS2M] at 0x60,0x64 irq 1,12
[    1.359963] serio: i8042 KBD port at 0x60,0x64 irq 1
[    1.364071] serio: i8042 AUX port at 0x60,0x64 irq 12
[    1.368310] mousedev: PS/2 mouse device common for all mice
[    1.373961] input: AT Translated Set 2 keyboard as /devices/platform/i8042/serio0/input/input2
[    1.381845] rtc_cmos rtc_cmos: rtc core: registered rtc_cmos as rtc0
[    1.387864] rtc_cmos rtc_cmos: alarms up to one day, 114 bytes nvram
[    1.393113] i2c /dev entries driver
[    1.396107] device-mapper: uevent: version 1.0.3
[    1.399792] device-mapper: ioctl: 4.37.0-ioctl (2017-09-20) initialised: dm-devel@redhat.com
[    1.406521] ledtrig-cpu: registered to indicate activity on CPUs
[    1.411679] NET: Registered protocol family 10
[    1.418248] Segment Routing with IPv6
[    1.421331] NET: Registered protocol family 17
[    1.425010] Key type dns_resolver registered
[    1.428720] mce: Using 0 MCE banks
[    1.431504] RAS: Correctable Errors collector initialized.
[    1.435938] sched_clock: Marking stable (1435886551, 0)->(2100277629, -664391078)
[    1.442113] registered taskstats version 1
[    1.445510] Loading compiled-in X.509 certificates
[    1.451131] Loaded X.509 cert 'Build time autogenerated kernel key: b5b26778eaa3ab3a4a6cee031137706e947d12ad'
[    1.459255] Loaded X.509 cert 'Canonical Ltd. Live Patch Signing: 14df34d1a87cf37625abec039ef2bf521249b969'
[    1.467250] Loaded X.509 cert 'Canonical Ltd. Kernel Module Signing: 88f752e560a1e0737e31163a466ad7b70a850c19'
[    1.475280] blacklist: Loading compiled-in revocation X.509 certificates
[    1.533547] Loaded X.509 cert 'Canonical Ltd. Secure Boot Signing: 61482aa2830d0ab2ad5af10b7250da9033ddcef0'
[    1.541222] Loaded X.509 cert 'Canonical Ltd. Secure Boot Signing (2017): 242ade75ac4a15e50d50c84b0d45ff3eae707a03'
[    1.549321] Loaded X.509 cert 'Canonical Ltd. Secure Boot Signing (ESM 2018): 365188c1d374d6b07c3c8f240f8ef722433d6a8b'
[    1.557845] Loaded X.509 cert 'Canonical Ltd. Secure Boot Signing (2019): c0746fd6c5da3ae827864651ad66ae47fe24b3e8'
[    1.566002] Loaded X.509 cert 'Canonical Ltd. Secure Boot Signing (2021 v1): a8d54bbb3825cfb94fa13c9f8a594a195c107b8d'
[    1.574316] Loaded X.509 cert 'Canonical Ltd. Secure Boot Signing (2021 v2): 4cf046892d6fd3c9a5b03f98d845f90851dc6a8c'
[    1.582813] Loaded X.509 cert 'Canonical Ltd. Secure Boot Signing (2021 v3): 100437bb6de6e469b581e61cd66bce3ef4ed53af'
[    1.591158] Loaded X.509 cert 'Canonical Ltd. Secure Boot Signing (Ubuntu Core 2019): c1d57b8f6b743f23ee41f4f7ee292f06eecadfb9'
[    1.600271] zswap: loaded using pool lzo/zbud
[    1.606382] Key type big_key registered
[    1.609586] Key type trusted registered
[    1.613965] Key type encrypted registered
[    1.617456] AppArmor: AppArmor sha1 policy hashing enabled
[    1.621881] ima: No TPM chip found, activating TPM-bypass! (rc=-19)
[    1.626856] ima: Allocated hash algorithm: sha1
[    1.630609] evm: HMAC attrs: 0x1
[    1.633881]   Magic number: 12:653:157
[    1.637448] rtc_cmos rtc_cmos: setting system clock to 2024-10-24 02:09:03 UTC (1729735743)
[    1.644038] BIOS EDD facility v0.16 2004-Jun-25, 0 devices found
[    1.648833] EDD information not available.
[    1.654801] Freeing unused kernel image memory: 2480K
[    1.664964] Write protecting the kernel read-only data: 20480k
[    1.670045] Freeing unused kernel image memory: 2008K
[    1.674283] Freeing unused kernel image memory: 1820K
[    1.683967] x86/mm: Checked W+X mappings: passed, no W+X pages found.
Loading, please wait...
starting version 237
[    1.763877] e1000: Intel(R) PRO/1000 Network Driver - version 7.3.21-k8-NAPI
[    1.769722] e1000: Copyright (c) 1999-2006 Intel Corporation.
[    1.775817] Fusion MPT base driver 3.04.20
[    1.779281] Copyright (c) 1999-2008 LSI Corporation
[    1.811482] SSE version of gcm_enc/dec engaged.
[    1.823148] Fusion MPT SPI Host driver 3.04.20
[    2.030524] input: ImExPS/2 Generic Explorer Mouse as /devices/platform/i8042/serio1/input/input4
[    2.472809] e1000 0000:00:03.0 eth0: (PCI:33MHz:32-bit) 02:3b:7b:b7:3b:2d
[    2.478132] e1000 0000:00:03.0 eth0: Intel(R) PRO/1000 Network Connection
[    2.485887] e1000 0000:00:03.0 enp0s3: renamed from eth0
[    2.491353] mptbase: ioc0: Initiating bringup
[    2.602008] ioc0: LSI53C1030 A0: Capabilities={Initiator}
[    2.854189] scsi host2: ioc0: LSI53C1030 A0, FwRev=00000000h, Ports=1, MaxQ=256, IRQ=20
[    3.029003] scsi 2:0:0:0: Direct-Access     VBOX     HARDDISK         1.0  PQ: 0 ANSI: 5
[    3.035781] scsi target2:0:0: Beginning Domain Validation
[    3.044545] scsi target2:0:0: Domain Validation skipping write tests
[    3.049526] scsi target2:0:0: Ending Domain Validation
[    3.053897] scsi target2:0:0: asynchronous
[    3.058851] scsi 2:0:1:0: Direct-Access     VBOX     HARDDISK         1.0  PQ: 0 ANSI: 5
[    3.065326] scsi target2:0:1: Beginning Domain Validation
[    3.074227] scsi target2:0:1: Domain Validation skipping write tests
[    3.079344] scsi target2:0:1: Ending Domain Validation
[    3.084061] scsi target2:0:1: asynchronous
[    3.096758] sd 2:0:0:0: [sda] 83886080 512-byte logical blocks: (42.9 GB/40.0 GiB)
[    3.103022] sd 2:0:0:0: Attached scsi generic sg0 type 0
[    3.107548] sd 2:0:0:0: [sda] Write Protect is off
[    3.112523] sd 2:0:1:0: [sdb] 20480 512-byte logical blocks: (10.5 MB/10.0 MiB)
[    3.118424] sd 2:0:1:0: Attached scsi generic sg1 type 0
[    3.123105] sd 2:0:1:0: [sdb] Write Protect is off
[    3.127217] sd 2:0:0:0: [sda] Incomplete mode parameter data
[    3.131783] sd 2:0:0:0: [sda] Assuming drive cache: write through
[    3.137300] sd 2:0:1:0: [sdb] Incomplete mode parameter data
[    3.141940] sd 2:0:1:0: [sdb] Assuming drive cache: write through
[    3.149520]  sda: sda1
[    3.155069] sd 2:0:0:0: [sda] Attached SCSI disk
[    3.161371] sd 2:0:1:0: [sdb] Attached SCSI disk
Begin: Loading essential drivers ... [    4.904069] raid6: sse2x1   gen()  7747 MB/s
[    4.957288] raid6: sse2x1   xor()  7915 MB/s
[    5.012114] raid6: sse2x2   gen() 16404 MB/s
[    5.064096] raid6: sse2x2   xor() 10940 MB/s
[    5.117918] raid6: sse2x4   gen() 17110 MB/s
[    5.172132] raid6: sse2x4   xor()  9870 MB/s
[    5.176037] raid6: using algorithm sse2x4 gen() 17110 MB/s
[    5.180494] raid6: .... xor() 9870 MB/s, rmw enabled
[    5.184577] raid6: using ssse3x2 recovery algorithm
[    5.190066] xor: measuring software checksum speed
[    5.300306]    prefetch64-sse: 48208.000 MB/sec
[    5.406554]    generic_sse: 45725.000 MB/sec
[    5.410207] xor: using function: prefetch64-sse (48208.000 MB/sec)
[    5.416825] async_tx: api initialized (async)
done.
Begin: Running /scripts/init-premount ... done.
Begin: Mounting root file system ... Begin: Running /scripts/local-top ... done.
Begin: Running /scripts/local-premount ... [    5.467705] Btrfs loaded, crc32c=crc32c-intel
Scanning for Btrfs filesystems
done.
Warning: fsck not present, so skipping root file system
[    5.508666] EXT4-fs (sda1): mounted filesystem with ordered data mode. Opts: (null)
done.
Begin: Running /scripts/local-bottom ... done.
Begin: Running /scripts/init-bottom ... done.
[    5.709529] ip_tables: (C) 2000-2006 Netfilter Core Team
[    5.728842] systemd[1]: systemd 237 running in system mode. (+PAM +AUDIT +SELINUX +IMA +APPARMOR +SMACK +SYSVINIT +UTMP +LIBCRYPTSETUP +GCRYPT +GNUTLS +ACL +XZ +LZ4 +SECCOMP +BLKID +ELFUTILS +KMOD -IDN2 +IDN -PCRE2 default-hierarchy=hybrid)
[    5.745415] systemd[1]: Detected virtualization oracle.
[    5.749785] systemd[1]: Detected architecture x86-64.

Welcome to [1mUbuntu 18.04.6 LTS[0m!

[    5.758999] systemd[1]: Set hostname to <ubuntu>.
[    5.769078] systemd[1]: Initializing machine ID from random generator.
[    5.774179] systemd[1]: Installed transient /etc/machine-id file.
[    6.049769] systemd[1]: Created slice User and Session Slice.
[[0;32m  OK  [0m] Created slice User and Session Slice.
[    6.058632] systemd[1]: Reached target Swap.
[[0;32m  OK  [0m] Reached target Swap.
[    6.065874] systemd[1]: Set up automount Arbitrary Executable File Formats File System Automount Point.
[[0;32m  OK  [0m] Set up automount Arbitrary Executabâ€¦rmats File System Automount Point.
[    6.078058] systemd[1]: Started Forward Password Requests to Wall Directory Watch.
[[0;32m  OK  [0m] Started Forward Password Requests to Wall Directory Watch.
[[0;32m  OK  [0m] Reached target Mounting snaps.
[[0;32m  OK  [0m] Reached target User and Group Name Lookups.
[[0;32m  OK  [0m] Reached target System Time Synchronized.
[[0;32m  OK  [0m] Reached target Mounted snaps.
[[0;32m  OK  [0m] Created slice System Slice.
[[0;32m  OK  [0m] Listening on Device-mapper event daemon FIFOs.
[[0;32m  OK  [0m] Listening on udev Control Socket.
[[0;32m  OK  [0m] Listening on /dev/initctl Compatibility Named Pipe.
[[0;32m  OK  [0m] Listening on udev Kernel Socket.
[[0;32m  OK  [0m] Listening on Network Service Netlink Socket.
[[0;32m  OK  [0m] Created slice system-serial\x2dgetty.slice.
[[0;32m  OK  [0m] Listening on Journal Socket (/dev/log).
[[0;32m  OK  [0m] Listening on LVM2 metadata daemon socket.
[[0;32m  OK  [0m] Listening on Journal Socket.
         Starting udev Coldplug all Devices...
         Mounting POSIX Message Queue File System...
         Starting Set the console keyboard layout...
[[0;32m  OK  [0m] Listening on Syslog Socket.
[[0;32m  OK  [0m] Reached target Slices.
         Starting Load Kernel Modules...
[[0;32m  OK  [0m] Listening on fsck to fsckd communication Socket.
[[0;32m  OK  [0m] Listening on Journal Audit Socket.
         Starting Journal Service...
[    6.204904] Loading iSCSI transport class v2.0-870.
         Starting Monitoring of LVM2 mirrorsâ€¦ng dmeventd or progress polling...
         Starting File System Check on Root Device...
         Starting Create list of required stâ€¦ce nodes for the current kernel...
         Mounting Huge Pages File System...
[    6.265899] iscsi: registered transport (tcp)
         Starting Uncomplicated firewall...
         Mounting Kernel Debug File System...
[[0;32m  OK  [0m] Listening on LVM2 poll daemon socket.
[[0;32m  OK  [0m] Started Journal Service.
[[0;32m  OK  [0m] Mounted POSIX Message Queue File System.
[[0;32m  OK  [0m] Mounted Huge Pages File System.
[[0;32m  OK  [0m] Started Create list of required staâ€¦vice nodes for the current kernel.
[[0;32m  OK  [0m] Started Uncomplicated firewall.
[[0;32m  OK  [0m] Mounted Kernel Debug File System.
[[0;32m  OK  [0m] Started File System Check Daemon to report status.
         Starting Create Static Device Nodes in /dev...
[[0;32m  OK  [0m] Started File System Check on Root Device.
         Starting Remount Root and Kernel File Systems...
[[0;32m  OK  [0m] Started udev Coldplug all Devices.
[[0;32m  OK  [0m] Started LVM2 metadata daemon.
[    6.400396] iscsi: registered transport (iser)
[[0;32m  OK  [0m] Started Load Kernel Modules.
         Mounting FUSE Control File System...
         Starting Apply Kernel Variables...
         Mounting Kernel Configuration File System...
[[0;32m  OK  [0m] Mounted FUSE Control File System.
[[0;32m  OK  [0m] Mounted Kernel Configuration File System.
[[0;32m  OK  [0m] Started Create Static Device Nodes in /dev.
[[0;32m  OK  [0m] Started Remount Root and Kernel File Systems.
         Starting Flush Journal to Persistent Storage...
         Starting udev Kernel Device Manager...
         Starting Load/Save Random Seed...
[[0;32m  OK  [0m] Started Monitoring of LVM2 mirrors,â€¦sing dmeventd or progress polling.
[[0;32m  OK  [0m] Started Apply Kernel Variables.
[[0;32m  OK  [0m] Started udev Kernel Device Manager.
[[0;32m  OK  [0m] Started Load/Save Random Seed.
[[0;32m  OK  [0m] Started Flush Journal to Persistent Storage.
[[0;32m  OK  [0m] Found device /dev/ttyS0.
[[0;32m  OK  [0m] Listening on Load/Save RF Kill Switch Status /dev/rfkill Watch.
[[0;32m  OK  [0m] Started Set the console keyboard layout.
         Mounting Arbitrary Executable File Formats File System...
[[0;32m  OK  [0m] Reached target Local File Systems (Pre).
[[0;32m  OK  [0m] Reached target Local File Systems.
         Starting Set console font and keymap...
         Starting Tell Plymouth To Write Out Runtime Data...
         Starting ebtables ruleset management...
         Starting Create Volatile Files and Directories...
         Starting Commit a transient machine-id on disk...
         Starting AppArmor initialization...
[[0;32m  OK  [0m] Started Dispatch Password Requests to Console Directory Watch.
[[0;32m  OK  [0m] Reached target Local Encrypted Volumes.
[[0;32m  OK  [0m] Mounted Arbitrary Executable File Formats File System.
[[0;32m  OK  [0m] Started Tell Plymouth To Write Out Runtime Data.
[[0;32m  OK  [0m] Started Commit a transient machine-id on disk.
[[0;32m  OK  [0m] Started Create Volatile Files and Directories.
         Starting Update UTMP about System Boot/Shutdown...
[[0;32m  OK  [0m] Started Update UTMP about System Boot/Shutdown.
[[0;32m  OK  [0m] Started ebtables ruleset management.
[[0;32m  OK  [0m] Started AppArmor initialization.
         Starting Initial cloud-init job (pre-networking)...
         Starting Load AppArmor profiles managed internally by snapd...
[[0;32m  OK  [0m] Started Load AppArmor profiles managed internally by snapd.
[[0;32m  OK  [0m] Started Set console font and keymap.
[   10.407659] cloud-init[763]: Cloud-init v. 23.1.2-0ubuntu0~18.04.1 running 'init-local' at Thu, 24 Oct 2024 02:09:12 +0000. Up 10.15 seconds.
[[0;32m  OK  [0m] Started Initial cloud-init job (pre-networking).
[[0;32m  OK  [0m] Reached target Network (Pre).
         Starting Network Service...
[[0;32m  OK  [0m] Started Network Service.
         Starting Network Name Resolution...
         Starting Wait for Network to be Configured...
[[0;32m  OK  [0m] Started Network Name Resolution.
[[0;32m  OK  [0m] Reached target Host and Network Name Lookups.
[[0;32m  OK  [0m] Reached target Network.
[[0;32m  OK  [0m] Started Wait for Network to be Configured.
         Starting Initial cloud-init job (metadata service crawler)...
[   12.989345] cloud-init[898]: Cloud-init v. 23.1.2-0ubuntu0~18.04.1 running 'init' at Thu, 24 Oct 2024 02:09:14 +0000. Up 12.89 seconds.
[   13.003691] cloud-init[898]: ci-info: ++++++++++++++++++++++++++++++++++++++Net device info++++++++++++++++++++++++++++++++++++++
[   13.011871] cloud-init[898]: ci-info: +--------+------+----------------------------+---------------+--------+-------------------+
[   13.026134] cloud-init[898]: ci-info: | Device |  Up  |          Address           |      Mask     | Scope  |     Hw-Address    |
[   13.039424] cloud-init[898]: ci-info: +--------+------+----------------------------+---------------+--------+-------------------+
[   13.052975] cloud-init[898]: ci-info: | enp0s3 | True |         10.0.2.15          | 255.255.255.0 | global | 02:3b:7b:b7:3b:2d |
[   13.066793] cloud-init[898]: ci-info: | enp0s3 | True | fe80::3b:7bff:feb7:3b2d/64 |       .       |  link  | 02:3b:7b:b7:3b:2d |
[   13.077108] cloud-init[898]: ci-info: |   lo   | True |         127.0.0.1          |   255.0.0.0   |  host  |         .         |
[   13.086534] cloud-init[898]: ci-info: |   lo   | True |          ::1/128           |       .       |  host  |         .         |
[   13.095145] cloud-init[898]: ci-info: +--------+------+----------------------------+---------------+--------+-------------------+
[   13.109018] cloud-init[898]: ci-info: ++++++++++++++++++++++++++++Route IPv4 info+++++++++++++++++++++++++++++
[   13.119224] cloud-init[898]: ci-info: +-------+-------------+----------+-----------------+-----------+-------+
[   13.125928] cloud-init[898]: ci-info: | Route | Destination | Gateway  |     Genmask     | Interface | Flags |
[   13.133528] cloud-init[898]: ci-info: +-------+-------------+----------+-----------------+-----------+-------+
[   13.142408] cloud-init[898]: ci-info: |   0   |   0.0.0.0   | 10.0.2.2 |     0.0.0.0     |   enp0s3  |   UG  |
[   13.156769] cloud-init[898]: ci-info: |   1   |   10.0.2.0  | 0.0.0.0  |  255.255.255.0  |   enp0s3  |   U   |
[   13.167806] cloud-init[898]: ci-info: |   2   |   10.0.2.2  | 0.0.0.0  | 255.255.255.255 |   enp0s3  |   UH  |
[   13.178772] cloud-init[898]: ci-info: +-------+-------------+----------+-----------------+-----------+-------+
[   13.189043] cloud-init[898]: ci-info: +++++++++++++++++++Route IPv6 info+++++++++++++++++++
[   13.196006] cloud-init[898]: ci-info: +-------+-------------+---------+-----------+-------+
[   13.209416] cloud-init[898]: ci-info: | Route | Destination | Gateway | Interface | Flags |
[   13.217063] cloud-init[898]: ci-info: +-------+-------------+---------+-----------+-------+
[   13.227122] cloud-init[898]: ci-info: |   1   |  fe80::/64  |    ::   |   enp0s3  |   U   |
[   13.237570] cloud-init[898]: ci-info: |   3   |    local    |    ::   |   enp0s3  |   U   |
[   13.247134] cloud-init[898]: ci-info: |   4   |   ff00::/8  |    ::   |   enp0s3  |   U   |
[   13.259701] cloud-init[898]: ci-info: +-------+-------------+---------+-----------+-------+
[   14.019364] cloud-init[898]: Generating public/private rsa key pair.
[   14.034911] cloud-init[898]: Your identification has been saved in /etc/ssh/ssh_host_rsa_key.
[   14.040451] cloud-init[898]: Your public key has been saved in /etc/ssh/ssh_host_rsa_key.pub.
[   14.056306] cloud-init[898]: The key fingerprint is:
[   14.060809] cloud-init[898]: SHA256:TxHEChiQi5lNL5YPkblzNHYxM+tlfXgA28xEiIK1hSA root@ubuntu-bionic
[   14.065782] cloud-init[898]: The key's randomart image is:
[   14.079409] cloud-init[898]: +---[RSA 2048]----+
[   14.084194] cloud-init[898]: |E oOo+*o.**      |
[   14.098058] cloud-init[898]: | .B Bo+=.B.+     |
[   14.103246] cloud-init[898]: | * O.+..+.B o    |
[[0;32m  OK  [0m] Started Initial cloud-init job (metadata service crawler).[   14.112134] cloud-init[898]: |+ X o. o.  +     |
[   14.115794] 
[[0;32m  OK  [0m] Reached target Network is Online.cloud-init[898]: | . *  . S .      |
[   14.123952] 
         Starting Availability of block devices...
[[0;32m  OK  [0m] Reached target Remote File Systems (Pre).cloud-init
[898]: |    .    o       |
[   14.142943] cloud-init[[0;32m  OK  [0m] Reached target Remote File Systems.
[[0;32m  OK  [0m] Reached target System Initialization.
[898]: |          .      |         Starting LXD - unix socket.

[   14.161710] cloud-init[898]: |                 |         Starting Socket activation for snappy daemon.
[[0;32m  OK  [0m] Started Message of the Day.

[[0;32m  OK  [0m[   14.180999] cloud-init[898]: |                 |
] Listening on cloud-init hotplug hook socket.
[[0;32m  OK  [0m] Listening on D-Bus System Message Bus Socket.
[[0;32m  OK  [0m[   14.194748] cloud-init[898]: +----[SHA256]-----+
[   14.198423] cloud-init[898]: ] Started Daily Cleanup of Temporary Directories.
[[0;32m  OK  [0mGenerating public/private dsa key pair.
[   14.206985] cloud-init] Listening on UUID daemon activation socket.
[[0;32m  OK  [0m[898]: Your identification has been saved in /etc/ssh/ssh_host_dsa_key.
] Listening on Open-iSCSI iscsid Socket.
[   14.219025] [[0;32m  OK  [0m] Started ACPI Events Check.
[cloud-init[898]: Your public key has been saved in /etc/ssh/ssh_host_dsa_key.pub.
[0;32m  OK  [0m] Reached target Paths.
[[   14.232680] cloud-init[898]: The key fingerprint is:
[0;32m  OK  [0m] Listening on ACPID Listen Socket.
[[   14.240441] cloud-init[898]: SHA256:s26UGdAohVkU1EBaBPAaRA7A1HjtbUTvI+//GmtIDXw root@ubuntu-bionic[0;32m  OK  [0m] Started Discard unused blocks once a week.

[   14.248891] cloud-init[898]: The key's randomart image is:
[[0;32m  OK  [0m] Started Daily apt download activities.
[   14.256257] cloud-init[898]: +---[DSA 1024]----+
[[0;32m  OK  [0m] Started Daily apt upgrade and clean activities.
[   14.264623] cloud-init[898]: |*o*.o@%B         |
[[0;32m  OK  [0m] Started Ubuntu Advantage Timer for running repeated jobs.
[   14.272679] cloud-init[898]: | * +++o.+        |
[[0;32m  OK  [0m] Reached target Timers.
[[   14.280540] cloud-init[898]: |  + +.o...       |
[0;32m  OK  [0m] Reached target Cloud-config availability.
[   14.288373] cloud-init[898]: |   o . ooo E     |
[[0;32m  OK  [0m] Started Availability of block devices.
[   14.296173] cloud-init[898]: |  .   ..S*+      |
[[   14.300791] cloud-init[898]: |        *+..     |
[0;32m  OK  [0m] Listening on LXD - unix socket.
[[0;32m  OK  [0m] Listening on Socket activation for snappy daemon.
[[0;32m  OK  [0m[   14.321246] cloud-init[898]: |       .o...     |] Reached target Sockets.
[[0;32m  OK  [0m
[   14.330033] cloud-init[898]: |       .o. .o    |] Reached target Basic System.

[   14.336455] cloud-init[898]: |       ...o+o.   |
         Starting Accounts Service...
[[0;32m  OK  [0m] Started Regular background program processing daemon.
[   14.355133] [[0;32m  OK  [0m] Started D-Bus System Message Bus.cloud-init
[898]: +----[SHA256]-----+
[   14.376795] cloud-init[898]: Generating public/private ecdsa key pair.
[   14.386592] cloud-init[898]: Your identification has been saved in /etc/ssh/ssh_host_ecdsa_key.
[   14.403995] cloud-init[898]:          Starting LSB: Record successful boot for GRUB...
Your public key has been saved in /etc/ssh/ssh_host_ecdsa_key.pub.         Starting LSB: automatic crash report generation...
         Starting Dispatcher daemon for systemd-networkd...

         Starting Pollinate to seed the pseudo random number generator...
         Starting Permit User Sessions...
         Starting System Logging Service...
[[0;32m  OK  [0m[   14.477252] ] Reached target Login Prompts (Pre).
cloud-init[898]: The key fingerprint is:
[   14.495523] cloud-init[898]: SHA256:BW4fOE19MhtQsZP8hUdhCev/v9rXgt8qItKbMXaPFRs root@ubuntu-bionic
[[0;32m  OK  [0m] Started irqbalance daemon.
[   14.530795] cloud-init         Starting Virtualbox guest utils...
[898]:          Starting Snap Daemon...
[[0;32m  OK  [0m] Started Deferred execution scheduler.
         Starting Login Service...
[[0;32m  OK  [0m] Started FUSE filesystem for LXC.
The key's randomart image is:
[   14.584600] cloud-init[898]: +---[ECDSA 256]---+
         Starting LXD - container startup/shutdown...
[   14.616481] [[0;32m  OK  [0m] Started System Logging Service.
cloud-init[[0;32m  OK  [0m] Started Permit User Sessions.[898]: 
|        . o+oo.o+|
[   14.676786] cloud-init[898]: |       . = .=o++ |
[   14.690404] cloud-init[898]: |        = + =B. o|
[   14.715205] cloud-init[898]: |       . + .oo o |
[   14.732178] cloud-init[898]: |        S . E..  |
[   14.745305] cloud-init[898]: |             +.  |
[   14.757030] cloud-init[898]: |       .+ . o. ..|
[   14.768616] cloud-init[898]: |      ..o=.+o o.+|
[   14.782708] cloud-init[898]: |       .oo...++=B|
[   14.797088] cloud-init[898]: +----[SHA256]-----+
[   14.808755] cloud-init[898]: Generating public/private ed25519 key pair.
[   14.822116] cloud-init[898]: Your identification has been saved in /etc/ssh/ssh_host_ed25519_key.
[   14.829406] cloud-init[898]: Your public key has been saved in /etc/ssh/ssh_host_ed25519_key.pub.
[   14.834388] cloud-init[898]: The key fingerprint is:
[   14.843540] cloud-init[898]: SHA256:zxlBFhoNeNjGtZsn46c35Vryk024J7nhY156fPLVJPM root@ubuntu-bionic
[   14.852450] cloud-init[898]: The key's randomart image is:
[   14.864672] cloud-init[898]: +--[ED25519 256]--+
[   14.868520] cloud-init[[0;32m  OK  [0m] Started LSB: automatic crash report generation.[898]: |       =o+=.     |

[[0;32m  OK  [0m] [   14.884729] cloud-initStarted Login Service.
[[0;32m  OK  [0m] Started Unattended Upgrades Shutdown.
[898]:          Starting Authorization Manager...
         Starting Hold until boot process finishes up...
         Starting Terminate Plymouth Boot Screen...
[[0;32m  OK  [0m] Started Hold until boot process finishes up.
|      o ==..     |
         Starting Set console scheme...
[[0;32m  OK  [0m] Started Serial Getty on ttyS0.[   14.965658] cloud-init
[898]: [[0;32m  OK  [0m] Started Terminate Plymouth Boot Screen.
|       o. o      |
[   14.991768] cloud-init[898]: |           +     |
[   15.013845] cloud-init[898]: |        S * . o..|
[   15.040958] cloud-init[898]: |         + *  o=o|
[   15.050275] cloud-init[898]: |          = oooBE|
[   15.147042] cloud-init[898]: |           oo=@+B|
[   15.160213] cloud-init[898]: |          ...=*Xo|
[   15.170825] cloud-init[898]: +----[SHA256]-----+[[0;32m  OK  [0m] Started Set console scheme.

[[0;32m  OK  [0m] Created slice system-getty.slice.
[[0;32m  OK  [0m] Started Getty on tty1.
[[0;32m  OK  [0m] Reached target Login Prompts.
[[0;32m  OK  [0m] Started LSB: Record successful boot for GRUB.
[[0;32m  OK  [0m] Started Authorization Manager.
[[0;32m  OK  [0m] Started Accounts Service.
[[0;32m  OK  [0m] Started Virtualbox guest utils.
[[0;32m  OK  [0m] Started LXD - container startup/shutdown.
[[0;32m  OK  [0m] Started Dispatcher daemon for systemd-networkd.
[[0;32m  OK  [0m] Started Snap Daemon.
         Starting Wait until snapd is fully seeded...
         Starting Time & Date Service...
[[0;32m  OK  [0m] Started Time & Date Service.
[[0;32m  OK  [0m] Started Pollinate to seed the pseudo random number generator.
         Starting OpenBSD Secure Shell server...
[[0;32m  OK  [0m] Started OpenBSD Secure Shell server.
[[0;32m  OK  [0m] Created slice User Slice of vagrant.
[[0;32m  OK  [0m] Started Session 1 of user vagrant.
         Starting User Manager for UID 1000...
[[0;32m  OK  [0m] Started User Manager for UID 1000.

Ubuntu 18.04.6 LTS ubuntu-bionic ttyS0

ubuntu-bionic login: [   22.733737] cloud-init[1525]: Cloud-init v. 23.1.2-0ubuntu0~18.04.1 running 'modules:config' at Thu, 24 Oct 2024 02:09:24 +0000. Up 22.30 seconds.
ci-info: no authorized SSH keys fingerprints found for user ubuntu.
<14>Oct 24 02:09:25 cloud-init: #############################################################
<14>Oct 24 02:09:25 cloud-init: -----BEGIN SSH HOST KEY FINGERPRINTS-----
<14>Oct 24 02:09:25 cloud-init: 1024 SHA256:s26UGdAohVkU1EBaBPAaRA7A1HjtbUTvI+//GmtIDXw root@ubuntu-bionic (DSA)
<14>Oct 24 02:09:25 cloud-init: 256 SHA256:BW4fOE19MhtQsZP8hUdhCev/v9rXgt8qItKbMXaPFRs root@ubuntu-bionic (ECDSA)
<14>Oct 24 02:09:25 cloud-init: 256 SHA256:zxlBFhoNeNjGtZsn46c35Vryk024J7nhY156fPLVJPM root@ubuntu-bionic (ED25519)
<14>Oct 24 02:09:25 cloud-init: 2048 SHA256:TxHEChiQi5lNL5YPkblzNHYxM+tlfXgA28xEiIK1hSA root@ubuntu-bionic (RSA)
<14>Oct 24 02:09:25 cloud-init: -----END SSH HOST KEY FINGERPRINTS-----
<14>Oct 24 02:09:25 cloud-init: #############################################################
-----BEGIN SSH HOST KEY KEYS-----
ecdsa-sha2-nistp256 AAAAE2VjZHNhLXNoYTItbmlzdHAyNTYAAAAIbmlzdHAyNTYAAABBBFyHN14CxVnmpXXqclVMVKvBnaGRSoxT13t/laNm3uMxu2jifn5IGG8i2fDsfn/g9Lu2BuIcZXE7Irm47mrkg1k= root@ubuntu-bionic
ssh-ed25519 AAAAC3NzaC1lZDI1NTE5AAAAIE+Jig3DB+8WNZ4ZeNV++yaL/zq3AJbLqDzjSGnydPLf root@ubuntu-bionic
ssh-rsa AAAAB3NzaC1yc2EAAAADAQABAAABAQDIOAl06MN54SGb+mQCs4EMS1ALHWunu73UzBM5eodLGfvjT7OCAG1/iFs6DQp4NkjXHi1VHDqgPTDVZV2Kr+26k7dRtGSb1ain+5+aGjfCqp/RXBxTtMxSaiMCA71q+V65y49aTR1QDZ9+KKQzKwIJvo4z0qSiBhZMuRIkFlE3dGVWhhML9xJ80KEEu62Gp4k6l04UlkXH1W6w1ogc50CKW7fOhKFyVhY6sbSaFFABoqRgMay8Gge+HC6sozraTGNTV9GF+iKi4WIQ0DXSQQ+SxgpcJRvkVllnx8vqMmx43yuvtLWFnM8pJy7LxNKtOn4OQIDGYELny2pN8QhXDplt root@ubuntu-bionic
-----END SSH HOST KEY KEYS-----
[   23.549508] cloud-init[1634]: Cloud-init v. 23.1.2-0ubuntu0~18.04.1 running 'modules:final' at Thu, 24 Oct 2024 02:09:25 +0000. Up 23.27 seconds.
[   23.572906] cloud-init[1634]: Cloud-init v. 23.1.2-0ubuntu0~18.04.1 finished at Thu, 24 Oct 2024 02:09:25 +0000. Datasource DataSourceNoCloud [seed=/dev/sdb][dsmode=net].  Up 23.54 seconds
[[0;32m  OK  [0m] Stopped Unattended Upgrades Shutdown.
         Stopping Availability of block devices...
         Stopping Session 5 of user vagrant.
[[0;32m  OK  [0m] Stopped target Timers.
[[0;32m  OK  [0m] Stopped Daily Cleanup of Temporary Directories.
[[0;32m  OK  [0m] Stopped Daily apt upgrade and clean activities.
[[0;32m  OK  [0m] Stopped Daily apt download activities.
[[0;32m  OK  [0m] Stopped Message of the Day.
         Stopping Authorization Manager...
[[0;32m  OK  [0m] Stopped Ubuntu Advantage Timer for running repeated jobs.
[[0;32m  OK  [0m] Stopped target Graphical Interface.
         Stopping Accounts Service...
[[0;32m  OK  [0m] Closed Load/Save RF Kill Switch Status /dev/rfkill Watch.
[[0;32m  OK  [0m] Stopped target Cloud-init target.
[[0;32m  OK  [0m] Stopped Discard unused blocks once a week.
[[0;32m  OK  [0m] Stopped target System Time Synchronized.
[[0;32m  OK  [0m] Stopped Execute cloud user/final scripts.
[[0;32m  OK  [0m] Stopped Apply the settings specified in cloud-config.
[[0;32m  OK  [0m] Stopped target Cloud-config availability.
[[0;32m  OK  [0m] Stopped target Multi-User System.
[[0;32m  OK  [0m] Stopped Wait until snapd is fully seeded.
         Stopping Deferred execution scheduler...
         Stopping LSB: Record successful boot for GRUB...
         Stopping Dispatcher daemon for systemd-networkd...
         Stopping The Apache HTTP Server...
         Stopping OpenBSD Secure Shell server...
         Stopping D-Bus System Message Bus...
         Stopping LXD - container startup/shutdown...
         Stopping Virtualbox guest utils...
         Stopping LSB: automatic crash report generation...
         Stopping FUSE filesystem for LXC...
[[0;32m  OK  [0m] Stopped target Login Prompts.
         Stopping Getty on tty1...
         Stopping Serial Getty on ttyS0...
         Stopping User Manager for UID 1000...
         Stopping Regular background program processing daemon...
         Stopping System Logging Service...
[[0;32m  OK  [0m] Unmounted /var/lib/lxcfs.
[[0;32m  OK  [0m] Stopped Accounts Service.
[[0;32m  OK  [0m] Stopped Regular background program processing daemon.
[[0;32m  OK  [0m] Stopped Dispatcher daemon for systemd-networkd.
[[0;32m  OK  [0m] Stopped System Logging Service.
[[0;32m  OK  [0m] Stopped Deferred execution scheduler.
[[0;32m  OK  [0m] Stopped Authorization Manager.
[[0;32m  OK  [0m] Stopped Serial Getty on ttyS0.
[[0;32m  OK  [0m] Stopped Getty on tty1.
[[0;32m  OK  [0m] Stopped OpenBSD Secure Shell server.
[[0;32m  OK  [0m] Stopped User Manager for UID 1000.
[[0;32m  OK  [0m] Stopped Availability of block devices.
[[0;32m  OK  [0m] Stopped The Apache HTTP Server.
[[0;32m  OK  [0m] Stopped D-Bus System Message Bus.
[[0;32m  OK  [0m] Stopped FUSE filesystem for LXC.
[[0;32m  OK  [0m] Stopped Session 5 of user vagrant.
[[0;32m  OK  [0m] Stopped LXD - container startup/shutdown.
[[0;32m  OK  [0m] Stopped target Host and Network Name Lookups.
[[0;32m  OK  [0m] Removed slice User Slice of vagrant.
         Stopping Login Service...
[[0;32m  OK  [0m] Removed slice system-getty.slice.
         Stopping Permit User Sessions...
[[0;32m  OK  [0m] Removed slice system-serial\x2dgetty.slice.
[[0;32m  OK  [0m] Stopped target Login Prompts (Pre).
[[0;32m  OK  [0m] Stopped Login Service.
[[0;32m  OK  [0m] Stopped LSB: Record successful boot for GRUB.
[[0;32m  OK  [0m] Stopped LSB: automatic crash report generation.
[[0;32m  OK  [0m] Stopped Permit User Sessions.
[[0;32m  OK  [0m] Stopped Virtualbox guest utils.
[[0;32m  OK  [0m] Stopped target Remote File Systems.
         Unmounting /vagrant...
         Unmounting /var/www/html...
[[0;32m  OK  [0m] Stopped target User and Group Name Lookups.
[[0;32m  OK  [0m] Stopped target Basic System.
[[0;32m  OK  [0m] Stopped target Slices.
[[0;32m  OK  [0m] Stopped target Sockets.
[[0;32m  OK  [0m] Closed D-Bus System Message Bus Socket.
[[0;32m  OK  [0m] Closed Syslog Socket.
[[0;32m  OK  [0m] Closed Open-iSCSI iscsid Socket.
[[0;32m  OK  [0m] Closed Socket activation for snappy daemon.
[[0;32m  OK  [0m] Closed LXD - unix socket.
[[0;32m  OK  [0m] Closed UUID daemon activation socket.
[[0;32m  OK  [0m] Closed ACPID Listen Socket.
[[0;32m  OK  [0m] Closed cloud-init hotplug hook socket.
[[0;32m  OK  [0m] Stopped target Paths.
[[0;32m  OK  [0m] Stopped ACPI Events Check.
[[0;32m  OK  [0m] Stopped target System Initialization.
         Stopping Update UTMP about System Boot/Shutdown...
[[0;32m  OK  [0m] Stopped Commit a transient machine-id on disk.
         Stopping Load/Save Random Seed...
[[0;32m  OK  [0m] Stopped target Local Encrypted Volumes.
[[0;32m  OK  [0m] Stopped Forward Password Requests to Wall Directory Watch.
[[0;32m  OK  [0m] Stopped Dispatch Password Requests to Console Directory Watch.
[[0;32m  OK  [0m] Removed slice User and Session Slice.
[[0;32m  OK  [0m] Unmounted /vagrant.
[[0;32m  OK  [0m] Unmounted /var/www/html.
[[0;32m  OK  [0m] Stopped Load/Save Random Seed.
[[0;32m  OK  [0m] Stopped target Remote File Systems (Pre).
[[0;32m  OK  [0m] Stopped target Network is Online.
[[0;32m  OK  [0m] Stopped Initial cloud-init job (metadata service crawler).
[[0;32m  OK  [0m] Stopped Wait for Network to be Configured.
[[0;32m  OK  [0m] Stopped target Network.
         Stopping Network Name Resolution...
[[0;32m  OK  [0m] Stopped Update UTMP about System Boot/Shutdown.
[[0;32m  OK  [0m] Stopped Network Name Resolution.
         Stopping Network Service...
[[0;32m  OK  [0m] Stopped Create Volatile Files and Directories.
[[0;32m  OK  [0m] Stopped target Local File Systems.
         Unmounting /run/user/1000...
[[0;32m  OK  [0m] Stopped target Mounted snaps.
[[0;32m  OK  [0m] Stopped target Mounting snaps.
[[0;32m  OK  [0m] Stopped Network Service.
[[0;32m  OK  [0m] Unmounted /run/user/1000.
[[0;32m  OK  [0m] Reached target Unmount All Filesystems.
[[0;32m  OK  [0m] Stopped target Local File Systems (Pre).
[[0;32m  OK  [0m] Stopped Create Static Device Nodes in /dev.
         Stopping Monitoring of LVM2 mirrorsâ€¦ng dmeventd or progress polling...
[[0;32m  OK  [0m] Stopped target Swap.
[[0;32m  OK  [0m] Stopped Apply Kernel Variables.
[[0;32m  OK  [0m] Stopped Load Kernel Modules.
[[0;32m  OK  [0m] Stopped target Network (Pre).
[[0;32m  OK  [0m] Stopped Initial cloud-init job (pre-networking).
[[0;32m  OK  [0m] Stopped Remount Root and Kernel File Systems.
[[0;32m  OK  [0m] Reached target Shutdown.
[[0;32m  OK  [0m] Reached target Final Step.
         Starting Power-Off...
[[0;32m  OK  [0m] Stopped Monitoring of LVM2 mirrors,â€¦sing dmeventd or progress polling.
         Stopping LVM2 metadata daemon...
[[0;32m  OK  [0m] Stopped LVM2 metadata daemon.
[  319.358348] reboot: Power down
